// Jest Snapshot v1, https://goo.gl/fbAQLP

exports[`App snapshot home page 1`] = `
<div>
  <header
    class="header"
    style="display: flex;"
  >
    <nav
      class="nav-container"
    >
      <a
        class=""
        href="/movie"
      >
        Главная
      </a>
      <a
        class=""
        href="/about"
      >
        О нас
      </a>
      <a
        class=""
        href="/form"
      >
        Отзыв
      </a>
    </nav>
  </header>
  <main
    class="container"
  >
    <div
      class="home-page"
    >
      <p>
        Добро пожаловать на наш сайт!
      </p>
      <a
        href="/movie"
      >
        Перейти на главную страницу
      </a>
    </div>
  </main>
</div>
`;
