// Jest Snapshot v1, https://goo.gl/fbAQLP

exports[`CardList snapshot CardList container 1`] = `
<div>
  <div
    class="card-list"
  >
    <div
      class="card"
      data-testid="card"
      id="1021735"
    >
      <img
        class="card-img"
        data-testid="img-card"
        src="data:image/png;base64,iVBORw0KGgoAAAANSUhEUgAAALgAAAETCAMAAACyQTxsAAAAV1BMVEX///+em5ubmJignZ2Zlpain5/t7OzS0dH29vb8/PzIxsbDwcHBv7/Y1tbo5+fMysqppqa4tbWyr6/f3t7c29vy8vK0srLPzs6tqqrk4+O7ubmmpKOTj4/0wm4IAAAHiUlEQVR4nO2b69aiOgyGTVrOKIiogHP/17lLD7TwgePMkq2z1vv8Ag3wimnaJHA4AAAAAAAAAAAAAAAAAAAAAAAAAAAAAAAAAAAAAAAAAAD+jDSOM78Xx1e/c0qq6n7Jfh7zFeRSNn5PysFtVsSGMv2Ert9SUcTHaY+oNBtpxIKj5lZLIr58SNtTlPCIp3vqhKckuIn1Vi6FbD8k7hlKuBCd23PCa8F399mJI3ldOfLDVCTOghO7Z4UfmQpvcmFx+4Cy36DGYCaEcxYr/CE4tGnEF97yiuShl8JGFiP8Kt0YNbRM95VDP4sSnh0Gss5ihLfMs+GYsjh/QttTtPADWWcxwpX7nGZGJB6f0PYUI1w5i44sRnhBPPfphxCf0PYUI9w5y78n3EYWIzwnjmdG3+sqzlmM8ONicGbfGMidcOMs6+Hw8rXhUCOETIVRrGb8cDX7rROQ1ThOQ5ERrmacwZt865TvhCtnEVb4oROcO4uvXWRNwpWzOOGp8MtaFvK4cfAnCYX3MpoSiZpJJxKsEolvXI6r1O2XH4dlkLol4rtTN5UsB3vLZDm/99+aLAMAAAAA/Fuks5XWE7PT3ulFQcLw6Epbo1d5vK9VpdLXZuPSrGUH+/VVihm2GJrmkVRWstl1qV5QZNsiKil4pD+EZ154OTYgtKG8ZUa4OTCyp5DaLLFmKtl47HjbC6K7oVD3LHoivGNBVZxlcRIRRaPyVB+XDIKKRG/qE0rBZZ9m11YdsCgzvle4nLY7U8RfF34maqbMmUXtT6Hsfb6RSBG5+5yw4N0ypCJIK6+sq5urwn2ZfORMvpsys8+Ubp8WJUy71S5C4bbZsCq8m928jARNO6F9Pm/DdftVi2bC603hKoAM4WFKYO+2Q3s7TBw9U37Yh1B4tu0qyz7EKVAU2F95Xlg8sG/avZlQeElUHUxbLXHcSQtfFpezwOUD4RemJDQbfWU34RxfR+K2UfEu00JcaNdBWgsfaBEfhI8rgXC1Oe80n4XcqYShJiCnUZA8matHAcIIn5doD4fIl/MD4cmyRf5/CJeiSJdCRr9fv+P02h2/7SicT7FmErY2OKufPn5ese+XPr7o5r6RWTj8IWQSvhx1fdCHCOzTRdTcsc/yovBsEdcGkvGafTcfC+qr+T/wPl4UrkJl6L1qPqpX7dvZEwpqCPNeddFXhSsnoGn2ziIh+3V75dR+plJLmurtii2vCj+0cpJ0Ujey3LBX/4UTmzZEwSLyzbwsfFyw8iM/tpVaZ8thy35cDJAojm1yVovaer8Cesk/hUsZpm7snDYeOyg6sxHtpr064iat2X5+omjzYin8lOd+LZoVuVfZF10kptx01X4krho1sQ5H9CsAAAAAAL6aS+6WekU+e+bumucmo2nz/DKz13Vw9+2MNvxUmRiqo8tFs9mpFFUe8ke5aKQW+WarYRnWSXL+ZVamRBRULQtjFUu58mjh2HGYdmLfhpAPI12t5OcFTyJfIGP+k5riiVXOZe7CotwgbCWwHy18VpCbMlC8rJaYM4SmMYtHPRJJEqYAkC4rtZGIas+fPLtd8nCmxkkN0sHe1WLPXDTkT/lM+I3zzj+AqEzs03BZZdsVK8L/tsbCfGzZVtpzCkruZ+tBGfPlGBTbnghXjtDfaSo+hCaDqeavCG8Of8Vx9Fhpz3aVNGWEmSuGJCpzTqWvUT0RPopWpu7z0OTCuuj/PuEddWMJyg7PzvcO1C8y46keHanxw/OJ8MfY3emmku1C+Omdwq9yLIdN7tz6okJNnb36+F3LU5dkW/hJl2V9YSI0sY73NuG58UhyRcCp66F+kRlYBenSqi9UbgsvtbhserHDD85ryfKyIfzvBqcw4SJ35cqSePaLphd9SnIxflu4HRWDM41VcHQd6sj8YWvhMOgXvKy7tx4Qu9JU7Irw9rnwyXlO7MbtpnDXk+2d6SjcNtZFlG8JF37+eb01dHZjrnO19tr8Bb1z1IbsUHu4Juam8M7NApEd4moCGo662VU82DbMfwqv79XEq7ozKTrdcE9uwrp0wtpFzlZvKkVjLBo3v24Jv0pxm0zN/xiYVKzvyJsGZ0KTD7pJU003Rx3EzSWr0KJ5KjwPTW9L4WOPMH2b8FpEw1kz1HYxoYZWp4N4Zs/7CCyuz4QLb/oQ8oeJeTnrPcLDE59cIFTenapp6Ww/9S/LXuw1N4T3QZu5NcNzN+EFBcvYyPXwBCfjmkNvDxR0PdgMzw3h57CVxvrFq91chcLeU+XeF6y4ObIJC9nsJcHCvEKwLjybvZZimkOhSc5a4VuEt4Ef6OdSpkBS2+r7vLUam/fyJuFimHr7l7F9HCREJy1zMlHhkNzqUIUed1SrhdeJ5/7S8yDNvGGi/ksXuoV1oXreSX3oAZyTHXliyl1kuWy6RqNOb6LSHDrZu+InnNthMQHxrIuxhfrxs75pS3b/QpFZP6gLz57XUNFTza+5sHc8mKpzZRp2BA93IXJv8uiGo7tocNR4uWgG7fe4FgAAAAAAAAAAAAAAAAAAAAAAAAAAAAAAAAAAAAAAAAAAAAAAAAAAAAAAAAAAAAAAAAAA+CD/AbS6UfORUBZtAAAAAElFTkSuQmCC"
      />
      <h2
        class="card-header"
      >
        Продаётся дом
      </h2>
      <div
        class="popular"
      >
        <div
          class="rate-container"
        >
          <svg
            fill="currentColor"
            height="1em"
            stroke="currentColor"
            stroke-width="0"
            viewBox="0 0 576 512"
            width="1em"
            xmlns="http://www.w3.org/2000/svg"
          >
            <path
              d="M259.3 17.8L194 150.2 47.9 171.5c-26.2 3.8-36.7 36.1-17.7 54.6l105.7 103-25 145.5c-4.5 26.3 23.2 46 46.4 33.7L288 439.6l130.7 68.7c23.2 12.2 50.9-7.4 46.4-33.7l-25-145.5 105.7-103c19-18.5 8.5-50.8-17.7-54.6L382 150.2 316.7 17.8c-11.7-23.6-45.6-23.9-57.4 0z"
            />
          </svg>
          <p>
            0
          </p>
        </div>
        <div
          class="like-container"
        >
          <svg
            fill="currentColor"
            height="1em"
            stroke="currentColor"
            stroke-width="0"
            viewBox="0 0 512 512"
            width="1em"
            xmlns="http://www.w3.org/2000/svg"
          >
            <path
              d="M462.3 62.6C407.5 15.9 326 24.3 275.7 76.2L256 96.5l-19.7-20.3C186.1 24.3 104.5 15.9 49.7 62.6c-62.8 53.6-66.1 149.8-9.9 207.9l193.5 199.8c12.5 12.9 32.8 12.9 45.3 0l193.5-199.8c56.3-58.1 53-154.3-9.8-207.9z"
            />
          </svg>
          <p>
            0
          </p>
        </div>
      </div>
    </div>
    <div
      class="card"
      data-testid="card"
      id="79580"
    >
      <img
        class="card-img"
        data-testid="img-card"
        src="https://image.tmdb.org/t/p/w500/iSnRfGxEeX9O2rTHcWn38qR5D1F.jpg"
      />
      <h2
        class="card-header"
      >
        Дом
      </h2>
      <div
        class="popular"
      >
        <div
          class="rate-container"
        >
          <svg
            fill="currentColor"
            height="1em"
            stroke="currentColor"
            stroke-width="0"
            viewBox="0 0 576 512"
            width="1em"
            xmlns="http://www.w3.org/2000/svg"
          >
            <path
              d="M259.3 17.8L194 150.2 47.9 171.5c-26.2 3.8-36.7 36.1-17.7 54.6l105.7 103-25 145.5c-4.5 26.3 23.2 46 46.4 33.7L288 439.6l130.7 68.7c23.2 12.2 50.9-7.4 46.4-33.7l-25-145.5 105.7-103c19-18.5 8.5-50.8-17.7-54.6L382 150.2 316.7 17.8c-11.7-23.6-45.6-23.9-57.4 0z"
            />
          </svg>
          <p>
            6.3
          </p>
        </div>
        <div
          class="like-container"
        >
          <svg
            fill="currentColor"
            height="1em"
            stroke="currentColor"
            stroke-width="0"
            viewBox="0 0 512 512"
            width="1em"
            xmlns="http://www.w3.org/2000/svg"
          >
            <path
              d="M462.3 62.6C407.5 15.9 326 24.3 275.7 76.2L256 96.5l-19.7-20.3C186.1 24.3 104.5 15.9 49.7 62.6c-62.8 53.6-66.1 149.8-9.9 207.9l193.5 199.8c12.5 12.9 32.8 12.9 45.3 0l193.5-199.8c56.3-58.1 53-154.3-9.8-207.9z"
            />
          </svg>
          <p>
            26
          </p>
        </div>
      </div>
    </div>
    <div
      class="card"
      data-testid="card"
      id="70070"
    >
      <img
        class="card-img"
        data-testid="img-card"
        src="https://image.tmdb.org/t/p/w500/s2KKdUusmKoCNIR0o5Byus4EcJO.jpg"
      />
      <h2
        class="card-header"
      >
        Дом Солнца
      </h2>
      <div
        class="popular"
      >
        <div
          class="rate-container"
        >
          <svg
            fill="currentColor"
            height="1em"
            stroke="currentColor"
            stroke-width="0"
            viewBox="0 0 576 512"
            width="1em"
            xmlns="http://www.w3.org/2000/svg"
          >
            <path
              d="M259.3 17.8L194 150.2 47.9 171.5c-26.2 3.8-36.7 36.1-17.7 54.6l105.7 103-25 145.5c-4.5 26.3 23.2 46 46.4 33.7L288 439.6l130.7 68.7c23.2 12.2 50.9-7.4 46.4-33.7l-25-145.5 105.7-103c19-18.5 8.5-50.8-17.7-54.6L382 150.2 316.7 17.8c-11.7-23.6-45.6-23.9-57.4 0z"
            />
          </svg>
          <p>
            5.1
          </p>
        </div>
        <div
          class="like-container"
        >
          <svg
            fill="currentColor"
            height="1em"
            stroke="currentColor"
            stroke-width="0"
            viewBox="0 0 512 512"
            width="1em"
            xmlns="http://www.w3.org/2000/svg"
          >
            <path
              d="M462.3 62.6C407.5 15.9 326 24.3 275.7 76.2L256 96.5l-19.7-20.3C186.1 24.3 104.5 15.9 49.7 62.6c-62.8 53.6-66.1 149.8-9.9 207.9l193.5 199.8c12.5 12.9 32.8 12.9 45.3 0l193.5-199.8c56.3-58.1 53-154.3-9.8-207.9z"
            />
          </svg>
          <p>
            16
          </p>
        </div>
      </div>
    </div>
    <div
      class="card"
      data-testid="card"
      id="72996"
    >
      <img
        class="card-img"
        data-testid="img-card"
        src="https://image.tmdb.org/t/p/w500/4jpGDmOgHRbpCe36SIYZKi3TXiy.jpg"
      />
      <h2
        class="card-header"
      >
        Дом дураков
      </h2>
      <div
        class="popular"
      >
        <div
          class="rate-container"
        >
          <svg
            fill="currentColor"
            height="1em"
            stroke="currentColor"
            stroke-width="0"
            viewBox="0 0 576 512"
            width="1em"
            xmlns="http://www.w3.org/2000/svg"
          >
            <path
              d="M259.3 17.8L194 150.2 47.9 171.5c-26.2 3.8-36.7 36.1-17.7 54.6l105.7 103-25 145.5c-4.5 26.3 23.2 46 46.4 33.7L288 439.6l130.7 68.7c23.2 12.2 50.9-7.4 46.4-33.7l-25-145.5 105.7-103c19-18.5 8.5-50.8-17.7-54.6L382 150.2 316.7 17.8c-11.7-23.6-45.6-23.9-57.4 0z"
            />
          </svg>
          <p>
            6
          </p>
        </div>
        <div
          class="like-container"
        >
          <svg
            fill="currentColor"
            height="1em"
            stroke="currentColor"
            stroke-width="0"
            viewBox="0 0 512 512"
            width="1em"
            xmlns="http://www.w3.org/2000/svg"
          >
            <path
              d="M462.3 62.6C407.5 15.9 326 24.3 275.7 76.2L256 96.5l-19.7-20.3C186.1 24.3 104.5 15.9 49.7 62.6c-62.8 53.6-66.1 149.8-9.9 207.9l193.5 199.8c12.5 12.9 32.8 12.9 45.3 0l193.5-199.8c56.3-58.1 53-154.3-9.8-207.9z"
            />
          </svg>
          <p>
            30
          </p>
        </div>
      </div>
    </div>
  </div>
</div>
`;
